running develop
running egg_info
creating ur_lab.egg-info
writing ur_lab.egg-info/PKG-INFO
writing dependency_links to ur_lab.egg-info/dependency_links.txt
writing entry points to ur_lab.egg-info/entry_points.txt
writing requirements to ur_lab.egg-info/requires.txt
writing top-level names to ur_lab.egg-info/top_level.txt
writing manifest file 'ur_lab.egg-info/SOURCES.txt'
reading manifest file 'ur_lab.egg-info/SOURCES.txt'
writing manifest file 'ur_lab.egg-info/SOURCES.txt'
running build_ext
Creating /mnt/c/Users/Amir/Downloads/ros2_ws/install/ur_lab/lib/python3.10/site-packages/ur-lab.egg-link (link to .)
Installing add_scene script to /mnt/c/Users/Amir/Downloads/ros2_ws/install/ur_lab/lib/ur_lab
Installing move_robot script to /mnt/c/Users/Amir/Downloads/ros2_ws/install/ur_lab/lib/ur_lab
Installing pick_cube script to /mnt/c/Users/Amir/Downloads/ros2_ws/install/ur_lab/lib/ur_lab
Installing scan_pick script to /mnt/c/Users/Amir/Downloads/ros2_ws/install/ur_lab/lib/ur_lab

Installed /mnt/c/Users/Amir/Downloads/ros2_ws/build/ur_lab
running symlink_data
creating /mnt/c/Users/Amir/Downloads/ros2_ws/install/ur_lab/share/ament_index
creating /mnt/c/Users/Amir/Downloads/ros2_ws/install/ur_lab/share/ament_index/resource_index
creating /mnt/c/Users/Amir/Downloads/ros2_ws/install/ur_lab/share/ament_index/resource_index/packages
symbolically linking /mnt/c/Users/Amir/Downloads/ros2_ws/build/ur_lab/resource/ur_lab -> /mnt/c/Users/Amir/Downloads/ros2_ws/install/ur_lab/share/ament_index/resource_index/packages
symbolically linking /mnt/c/Users/Amir/Downloads/ros2_ws/build/ur_lab/package.xml -> /mnt/c/Users/Amir/Downloads/ros2_ws/install/ur_lab/share/ur_lab
creating /mnt/c/Users/Amir/Downloads/ros2_ws/install/ur_lab/share/ur_lab/launch
symbolically linking /mnt/c/Users/Amir/Downloads/ros2_ws/build/ur_lab/launch/sim.launch.py -> /mnt/c/Users/Amir/Downloads/ros2_ws/install/ur_lab/share/ur_lab/launch
creating /mnt/c/Users/Amir/Downloads/ros2_ws/install/ur_lab/share/ur_lab/worlds
symbolically linking /mnt/c/Users/Amir/Downloads/ros2_ws/build/ur_lab/worlds/lab.world -> /mnt/c/Users/Amir/Downloads/ros2_ws/install/ur_lab/share/ur_lab/worlds
creating /mnt/c/Users/Amir/Downloads/ros2_ws/install/ur_lab/share/ur_lab/config
symbolically linking /mnt/c/Users/Amir/Downloads/ros2_ws/build/ur_lab/config/ur_controllers.yaml -> /mnt/c/Users/Amir/Downloads/ros2_ws/install/ur_lab/share/ur_lab/config
creating /mnt/c/Users/Amir/Downloads/ros2_ws/install/ur_lab/share/ur_lab/urdf
symbolically linking /mnt/c/Users/Amir/Downloads/ros2_ws/build/ur_lab/urdf/ur5e_gripper.urdf.xacro -> /mnt/c/Users/Amir/Downloads/ros2_ws/install/ur_lab/share/ur_lab/urdf
