[3.007s] Invoking command in '/mnt/c/Users/Amir/Downloads/ros2_ws/build/ur_lab': PYTHONPATH=/mnt/c/Users/Amir/Downloads/ros2_ws/build/ur_lab/prefix_override:/usr/lib/python3/dist-packages/colcon_core/task/python/colcon_distutils_commands:/mnt/c/Users/Amir/Downloads/ros2_ws/install/ur_lab/lib/python3.10/site-packages:${PYTHONPATH} /usr/bin/python3 -W ignore:setup.py install is deprecated -W ignore:easy_install command is deprecated setup.py develop --editable --build-directory /mnt/c/Users/Amir/Downloads/ros2_ws/build/ur_lab/build --no-deps symlink_data
[4.057s] running develop
[4.340s] running egg_info
[4.343s] creating ur_lab.egg-info
[4.345s] writing ur_lab.egg-info/PKG-INFO
[4.350s] writing dependency_links to ur_lab.egg-info/dependency_links.txt
[4.355s] writing entry points to ur_lab.egg-info/entry_points.txt
[4.360s] writing requirements to ur_lab.egg-info/requires.txt
[4.364s] writing top-level names to ur_lab.egg-info/top_level.txt
[4.369s] writing manifest file 'ur_lab.egg-info/SOURCES.txt'
[4.506s] reading manifest file 'ur_lab.egg-info/SOURCES.txt'
[4.604s] writing manifest file 'ur_lab.egg-info/SOURCES.txt'
[4.620s] running build_ext
[4.623s] Creating /mnt/c/Users/Amir/Downloads/ros2_ws/install/ur_lab/lib/python3.10/site-packages/ur-lab.egg-link (link to .)
[4.647s] Installing add_scene script to /mnt/c/Users/Amir/Downloads/ros2_ws/install/ur_lab/lib/ur_lab
[4.666s] Installing move_robot script to /mnt/c/Users/Amir/Downloads/ros2_ws/install/ur_lab/lib/ur_lab
[4.692s] Installing pick_cube script to /mnt/c/Users/Amir/Downloads/ros2_ws/install/ur_lab/lib/ur_lab
[4.719s] Installing scan_pick script to /mnt/c/Users/Amir/Downloads/ros2_ws/install/ur_lab/lib/ur_lab
[4.749s] 
[4.753s] Installed /mnt/c/Users/Amir/Downloads/ros2_ws/build/ur_lab
[4.757s] running symlink_data
[4.769s] creating /mnt/c/Users/Amir/Downloads/ros2_ws/install/ur_lab/share/ament_index
[4.773s] creating /mnt/c/Users/Amir/Downloads/ros2_ws/install/ur_lab/share/ament_index/resource_index
[4.779s] creating /mnt/c/Users/Amir/Downloads/ros2_ws/install/ur_lab/share/ament_index/resource_index/packages
[4.804s] symbolically linking /mnt/c/Users/Amir/Downloads/ros2_ws/build/ur_lab/resource/ur_lab -> /mnt/c/Users/Amir/Downloads/ros2_ws/install/ur_lab/share/ament_index/resource_index/packages
[4.830s] symbolically linking /mnt/c/Users/Amir/Downloads/ros2_ws/build/ur_lab/package.xml -> /mnt/c/Users/Amir/Downloads/ros2_ws/install/ur_lab/share/ur_lab
[4.844s] creating /mnt/c/Users/Amir/Downloads/ros2_ws/install/ur_lab/share/ur_lab/launch
[4.866s] symbolically linking /mnt/c/Users/Amir/Downloads/ros2_ws/build/ur_lab/launch/sim.launch.py -> /mnt/c/Users/Amir/Downloads/ros2_ws/install/ur_lab/share/ur_lab/launch
[4.877s] creating /mnt/c/Users/Amir/Downloads/ros2_ws/install/ur_lab/share/ur_lab/worlds
[4.893s] symbolically linking /mnt/c/Users/Amir/Downloads/ros2_ws/build/ur_lab/worlds/lab.world -> /mnt/c/Users/Amir/Downloads/ros2_ws/install/ur_lab/share/ur_lab/worlds
[4.905s] creating /mnt/c/Users/Amir/Downloads/ros2_ws/install/ur_lab/share/ur_lab/config
[4.927s] symbolically linking /mnt/c/Users/Amir/Downloads/ros2_ws/build/ur_lab/config/ur_controllers.yaml -> /mnt/c/Users/Amir/Downloads/ros2_ws/install/ur_lab/share/ur_lab/config
[4.940s] creating /mnt/c/Users/Amir/Downloads/ros2_ws/install/ur_lab/share/ur_lab/urdf
[4.957s] symbolically linking /mnt/c/Users/Amir/Downloads/ros2_ws/build/ur_lab/urdf/ur5e_gripper.urdf.xacro -> /mnt/c/Users/Amir/Downloads/ros2_ws/install/ur_lab/share/ur_lab/urdf
[4.986s] Invoked command in '/mnt/c/Users/Amir/Downloads/ros2_ws/build/ur_lab' returned '0': PYTHONPATH=/mnt/c/Users/Amir/Downloads/ros2_ws/build/ur_lab/prefix_override:/usr/lib/python3/dist-packages/colcon_core/task/python/colcon_distutils_commands:/mnt/c/Users/Amir/Downloads/ros2_ws/install/ur_lab/lib/python3.10/site-packages:${PYTHONPATH} /usr/bin/python3 -W ignore:setup.py install is deprecated -W ignore:easy_install command is deprecated setup.py develop --editable --build-directory /mnt/c/Users/Amir/Downloads/ros2_ws/build/ur_lab/build --no-deps symlink_data
