running develop
Removing /mnt/c/Users/Amir/Downloads/ros2_ws/install/ur_lab_unity_bridge/lib/python3.10/site-packages/ur-lab-unity-bridge.egg-link (link to .)
running egg_info
writing ../../build/ur_lab_unity_bridge/ur_lab_unity_bridge.egg-info/PKG-INFO
writing dependency_links to ../../build/ur_lab_unity_bridge/ur_lab_unity_bridge.egg-info/dependency_links.txt
writing entry points to ../../build/ur_lab_unity_bridge/ur_lab_unity_bridge.egg-info/entry_points.txt
writing requirements to ../../build/ur_lab_unity_bridge/ur_lab_unity_bridge.egg-info/requires.txt
writing top-level names to ../../build/ur_lab_unity_bridge/ur_lab_unity_bridge.egg-info/top_level.txt
reading manifest file '../../build/ur_lab_unity_bridge/ur_lab_unity_bridge.egg-info/SOURCES.txt'
writing manifest file '../../build/ur_lab_unity_bridge/ur_lab_unity_bridge.egg-info/SOURCES.txt'
running build
running build_py
creating /mnt/c/Users/Amir/Downloads/ros2_ws/build/ur_lab_unity_bridge/build
creating /mnt/c/Users/Amir/Downloads/ros2_ws/build/ur_lab_unity_bridge/build/lib
creating /mnt/c/Users/Amir/Downloads/ros2_ws/build/ur_lab_unity_bridge/build/lib/ur_lab_unity_bridge
copying ur_lab_unity_bridge/unity_sim.py -> /mnt/c/Users/Amir/Downloads/ros2_ws/build/ur_lab_unity_bridge/build/lib/ur_lab_unity_bridge
copying ur_lab_unity_bridge/__init__.py -> /mnt/c/Users/Amir/Downloads/ros2_ws/build/ur_lab_unity_bridge/build/lib/ur_lab_unity_bridge
running install
running install_lib
creating /mnt/c/Users/Amir/Downloads/ros2_ws/install/ur_lab_unity_bridge/lib/python3.10/site-packages/ur_lab_unity_bridge
copying /mnt/c/Users/Amir/Downloads/ros2_ws/build/ur_lab_unity_bridge/build/lib/ur_lab_unity_bridge/unity_sim.py -> /mnt/c/Users/Amir/Downloads/ros2_ws/install/ur_lab_unity_bridge/lib/python3.10/site-packages/ur_lab_unity_bridge
copying /mnt/c/Users/Amir/Downloads/ros2_ws/build/ur_lab_unity_bridge/build/lib/ur_lab_unity_bridge/__init__.py -> /mnt/c/Users/Amir/Downloads/ros2_ws/install/ur_lab_unity_bridge/lib/python3.10/site-packages/ur_lab_unity_bridge
byte-compiling /mnt/c/Users/Amir/Downloads/ros2_ws/install/ur_lab_unity_bridge/lib/python3.10/site-packages/ur_lab_unity_bridge/unity_sim.py to unity_sim.cpython-310.pyc
byte-compiling /mnt/c/Users/Amir/Downloads/ros2_ws/install/ur_lab_unity_bridge/lib/python3.10/site-packages/ur_lab_unity_bridge/__init__.py to __init__.cpython-310.pyc
running install_data
copying resource/ur_lab_unity_bridge -> /mnt/c/Users/Amir/Downloads/ros2_ws/install/ur_lab_unity_bridge/share/ament_index/resource_index/packages
copying package.xml -> /mnt/c/Users/Amir/Downloads/ros2_ws/install/ur_lab_unity_bridge/share/ur_lab_unity_bridge
copying launch/unity_sim.launch.py -> /mnt/c/Users/Amir/Downloads/ros2_ws/install/ur_lab_unity_bridge/share/ur_lab_unity_bridge/launch
running install_egg_info
Copying ../../build/ur_lab_unity_bridge/ur_lab_unity_bridge.egg-info to /mnt/c/Users/Amir/Downloads/ros2_ws/install/ur_lab_unity_bridge/lib/python3.10/site-packages/ur_lab_unity_bridge-0.0.0-py3.10.egg-info
running install_scripts
Installing unity_sim script to /mnt/c/Users/Amir/Downloads/ros2_ws/install/ur_lab_unity_bridge/lib/ur_lab_unity_bridge
writing list of installed files to '/mnt/c/Users/Amir/Downloads/ros2_ws/build/ur_lab_unity_bridge/install.log'
