[4.361s] Invoking command in '/mnt/c/Users/Amir/Downloads/ros2_ws/build/ur_lab_unity_bridge': AMENT_PREFIX_PATH=/mnt/c/Users/Amir/Downloads/ros2_ws/install/ur_lab:/mnt/c/Users/Amir/Downloads/ros2_ws/install/ros_tcp_endpoint:/mnt/c/Users/Amir/Downloads/ros2_ws/install/ur_simulation_gazebo:/mnt/c/Users/Amir/Downloads/ros2_ws/install/ur_lab_gazebo:/opt/ros/humble PYTHONPATH=/mnt/c/Users/Amir/Downloads/ros2_ws/build/ur_lab_unity_bridge/prefix_override:/usr/lib/python3/dist-packages/colcon_core/task/python/colcon_distutils_commands:/mnt/c/Users/Amir/Downloads/ros2_ws/install/ur_lab_unity_bridge/lib/python3.10/site-packages:/mnt/c/Users/Amir/Downloads/ros2_ws/build/ur_lab:/mnt/c/Users/Amir/Downloads/ros2_ws/install/ur_lab/lib/python3.10/site-packages:/mnt/c/Users/Amir/Downloads/ros2_ws/build/ros_tcp_endpoint:/mnt/c/Users/Amir/Downloads/ros2_ws/install/ros_tcp_endpoint/lib/python3.10/site-packages:/opt/ros/humble/lib/python3.10/site-packages:/opt/ros/humble/local/lib/python3.10/dist-packages /usr/bin/python3 -W ignore:setup.py install is deprecated -W ignore:easy_install command is deprecated setup.py develop --uninstall --editable --build-directory /mnt/c/Users/Amir/Downloads/ros2_ws/build/ur_lab_unity_bridge/build
[6.082s] running develop
[6.575s] Removing /mnt/c/Users/Amir/Downloads/ros2_ws/install/ur_lab_unity_bridge/lib/python3.10/site-packages/ur-lab-unity-bridge.egg-link (link to .)
[6.606s] Invoked command in '/mnt/c/Users/Amir/Downloads/ros2_ws/build/ur_lab_unity_bridge' returned '0': AMENT_PREFIX_PATH=/mnt/c/Users/Amir/Downloads/ros2_ws/install/ur_lab:/mnt/c/Users/Amir/Downloads/ros2_ws/install/ros_tcp_endpoint:/mnt/c/Users/Amir/Downloads/ros2_ws/install/ur_simulation_gazebo:/mnt/c/Users/Amir/Downloads/ros2_ws/install/ur_lab_gazebo:/opt/ros/humble PYTHONPATH=/mnt/c/Users/Amir/Downloads/ros2_ws/build/ur_lab_unity_bridge/prefix_override:/usr/lib/python3/dist-packages/colcon_core/task/python/colcon_distutils_commands:/mnt/c/Users/Amir/Downloads/ros2_ws/install/ur_lab_unity_bridge/lib/python3.10/site-packages:/mnt/c/Users/Amir/Downloads/ros2_ws/build/ur_lab:/mnt/c/Users/Amir/Downloads/ros2_ws/install/ur_lab/lib/python3.10/site-packages:/mnt/c/Users/Amir/Downloads/ros2_ws/build/ros_tcp_endpoint:/mnt/c/Users/Amir/Downloads/ros2_ws/install/ros_tcp_endpoint/lib/python3.10/site-packages:/opt/ros/humble/lib/python3.10/site-packages:/opt/ros/humble/local/lib/python3.10/dist-packages /usr/bin/python3 -W ignore:setup.py install is deprecated -W ignore:easy_install command is deprecated setup.py develop --uninstall --editable --build-directory /mnt/c/Users/Amir/Downloads/ros2_ws/build/ur_lab_unity_bridge/build
[6.625s] Invoking command in '/mnt/c/Users/Amir/Downloads/ros2_ws/src/ur_lab_unity_bridge': AMENT_PREFIX_PATH=/mnt/c/Users/Amir/Downloads/ros2_ws/install/ur_lab:/mnt/c/Users/Amir/Downloads/ros2_ws/install/ros_tcp_endpoint:/mnt/c/Users/Amir/Downloads/ros2_ws/install/ur_simulation_gazebo:/mnt/c/Users/Amir/Downloads/ros2_ws/install/ur_lab_gazebo:/opt/ros/humble PYTHONPATH=/mnt/c/Users/Amir/Downloads/ros2_ws/build/ur_lab_unity_bridge/prefix_override:/usr/lib/python3/dist-packages/colcon_core/task/python/colcon_distutils_commands:/mnt/c/Users/Amir/Downloads/ros2_ws/install/ur_lab_unity_bridge/lib/python3.10/site-packages:/mnt/c/Users/Amir/Downloads/ros2_ws/build/ur_lab:/mnt/c/Users/Amir/Downloads/ros2_ws/install/ur_lab/lib/python3.10/site-packages:/mnt/c/Users/Amir/Downloads/ros2_ws/build/ros_tcp_endpoint:/mnt/c/Users/Amir/Downloads/ros2_ws/install/ros_tcp_endpoint/lib/python3.10/site-packages:/opt/ros/humble/lib/python3.10/site-packages:/opt/ros/humble/local/lib/python3.10/dist-packages /usr/bin/python3 -W ignore:setup.py install is deprecated -W ignore:easy_install command is deprecated setup.py egg_info --egg-base ../../build/ur_lab_unity_bridge build --build-base /mnt/c/Users/Amir/Downloads/ros2_ws/build/ur_lab_unity_bridge/build install --record /mnt/c/Users/Amir/Downloads/ros2_ws/build/ur_lab_unity_bridge/install.log --install-scripts $base/lib/ur_lab_unity_bridge --single-version-externally-managed install_data --force
[8.159s] running egg_info
[8.168s] writing ../../build/ur_lab_unity_bridge/ur_lab_unity_bridge.egg-info/PKG-INFO
[8.177s] writing dependency_links to ../../build/ur_lab_unity_bridge/ur_lab_unity_bridge.egg-info/dependency_links.txt
[8.184s] writing entry points to ../../build/ur_lab_unity_bridge/ur_lab_unity_bridge.egg-info/entry_points.txt
[8.191s] writing requirements to ../../build/ur_lab_unity_bridge/ur_lab_unity_bridge.egg-info/requires.txt
[8.199s] writing top-level names to ../../build/ur_lab_unity_bridge/ur_lab_unity_bridge.egg-info/top_level.txt
[8.229s] reading manifest file '../../build/ur_lab_unity_bridge/ur_lab_unity_bridge.egg-info/SOURCES.txt'
[8.279s] writing manifest file '../../build/ur_lab_unity_bridge/ur_lab_unity_bridge.egg-info/SOURCES.txt'
[8.284s] running build
[8.286s] running build_py
[8.291s] creating /mnt/c/Users/Amir/Downloads/ros2_ws/build/ur_lab_unity_bridge/build
[8.293s] creating /mnt/c/Users/Amir/Downloads/ros2_ws/build/ur_lab_unity_bridge/build/lib
[8.295s] creating /mnt/c/Users/Amir/Downloads/ros2_ws/build/ur_lab_unity_bridge/build/lib/ur_lab_unity_bridge
[8.307s] copying ur_lab_unity_bridge/unity_sim.py -> /mnt/c/Users/Amir/Downloads/ros2_ws/build/ur_lab_unity_bridge/build/lib/ur_lab_unity_bridge
[8.340s] copying ur_lab_unity_bridge/__init__.py -> /mnt/c/Users/Amir/Downloads/ros2_ws/build/ur_lab_unity_bridge/build/lib/ur_lab_unity_bridge
[8.358s] running install
[8.360s] running install_lib
[8.390s] creating /mnt/c/Users/Amir/Downloads/ros2_ws/install/ur_lab_unity_bridge/lib/python3.10/site-packages/ur_lab_unity_bridge
[8.412s] copying /mnt/c/Users/Amir/Downloads/ros2_ws/build/ur_lab_unity_bridge/build/lib/ur_lab_unity_bridge/unity_sim.py -> /mnt/c/Users/Amir/Downloads/ros2_ws/install/ur_lab_unity_bridge/lib/python3.10/site-packages/ur_lab_unity_bridge
[8.454s] copying /mnt/c/Users/Amir/Downloads/ros2_ws/build/ur_lab_unity_bridge/build/lib/ur_lab_unity_bridge/__init__.py -> /mnt/c/Users/Amir/Downloads/ros2_ws/install/ur_lab_unity_bridge/lib/python3.10/site-packages/ur_lab_unity_bridge
[8.501s] byte-compiling /mnt/c/Users/Amir/Downloads/ros2_ws/install/ur_lab_unity_bridge/lib/python3.10/site-packages/ur_lab_unity_bridge/unity_sim.py to unity_sim.cpython-310.pyc
[8.570s] byte-compiling /mnt/c/Users/Amir/Downloads/ros2_ws/install/ur_lab_unity_bridge/lib/python3.10/site-packages/ur_lab_unity_bridge/__init__.py to __init__.cpython-310.pyc
[8.603s] running install_data
[8.612s] copying resource/ur_lab_unity_bridge -> /mnt/c/Users/Amir/Downloads/ros2_ws/install/ur_lab_unity_bridge/share/ament_index/resource_index/packages
[8.647s] copying package.xml -> /mnt/c/Users/Amir/Downloads/ros2_ws/install/ur_lab_unity_bridge/share/ur_lab_unity_bridge
[8.672s] copying launch/unity_sim.launch.py -> /mnt/c/Users/Amir/Downloads/ros2_ws/install/ur_lab_unity_bridge/share/ur_lab_unity_bridge/launch
[8.703s] running install_egg_info
[8.739s] Copying ../../build/ur_lab_unity_bridge/ur_lab_unity_bridge.egg-info to /mnt/c/Users/Amir/Downloads/ros2_ws/install/ur_lab_unity_bridge/lib/python3.10/site-packages/ur_lab_unity_bridge-0.0.0-py3.10.egg-info
[9.030s] running install_scripts
[9.178s] Installing unity_sim script to /mnt/c/Users/Amir/Downloads/ros2_ws/install/ur_lab_unity_bridge/lib/ur_lab_unity_bridge
[9.196s] writing list of installed files to '/mnt/c/Users/Amir/Downloads/ros2_ws/build/ur_lab_unity_bridge/install.log'
[9.216s] Invoked command in '/mnt/c/Users/Amir/Downloads/ros2_ws/src/ur_lab_unity_bridge' returned '0': AMENT_PREFIX_PATH=/mnt/c/Users/Amir/Downloads/ros2_ws/install/ur_lab:/mnt/c/Users/Amir/Downloads/ros2_ws/install/ros_tcp_endpoint:/mnt/c/Users/Amir/Downloads/ros2_ws/install/ur_simulation_gazebo:/mnt/c/Users/Amir/Downloads/ros2_ws/install/ur_lab_gazebo:/opt/ros/humble PYTHONPATH=/mnt/c/Users/Amir/Downloads/ros2_ws/build/ur_lab_unity_bridge/prefix_override:/usr/lib/python3/dist-packages/colcon_core/task/python/colcon_distutils_commands:/mnt/c/Users/Amir/Downloads/ros2_ws/install/ur_lab_unity_bridge/lib/python3.10/site-packages:/mnt/c/Users/Amir/Downloads/ros2_ws/build/ur_lab:/mnt/c/Users/Amir/Downloads/ros2_ws/install/ur_lab/lib/python3.10/site-packages:/mnt/c/Users/Amir/Downloads/ros2_ws/build/ros_tcp_endpoint:/mnt/c/Users/Amir/Downloads/ros2_ws/install/ros_tcp_endpoint/lib/python3.10/site-packages:/opt/ros/humble/lib/python3.10/site-packages:/opt/ros/humble/local/lib/python3.10/dist-packages /usr/bin/python3 -W ignore:setup.py install is deprecated -W ignore:easy_install command is deprecated setup.py egg_info --egg-base ../../build/ur_lab_unity_bridge build --build-base /mnt/c/Users/Amir/Downloads/ros2_ws/build/ur_lab_unity_bridge/build install --record /mnt/c/Users/Amir/Downloads/ros2_ws/build/ur_lab_unity_bridge/install.log --install-scripts $base/lib/ur_lab_unity_bridge --single-version-externally-managed install_data --force
